// Jest Snapshot v1, https://goo.gl/fbAQLP

exports[`TextArea should render 1`] = `
<form
  noValidate={true}
  onSubmit={[Function]}
>
  <textarea
    className="foo"
    defaultValue="foobaz"
    id="text"
    name="text"
    onChange={[Function]}
    onKeyDown={[Function]}
  />
</form>
`;
